MSP430 Assembler Unix v16.9.4 Sun Nov  5 10:03:59 2017

Tools Copyright (c) 2003-2017 Texas Instruments Incorporated
main.asm                                                             PAGE    1

       1            ;******************************************************************************
       2            ;* MSP430 C/C++ Codegen                                      Unix v16.9.4.LTS *
       3            ;* Date/Time created: Sun Nov  5 10:03:59 2017                                *
       4            ;******************************************************************************
       5                    .compiler_opts --abi=eabi --diag_wrap=off --hll_source=on --mem_model:code=large --mem_model:d
       6            ;       /opt/ti/ccsv7/tools/compiler/ti-cgt-msp430_16.9.4.LTS/bin/opt430 /tmp/TI3q5A3RCo3 /tmp/TI3q5ur
       7 000000               .sect   ".text:main"
       8                    .clink
       9                    .global main
      10            ;----------------------------------------------------------------------
      11            ;  11 | int main(void)                                                         
      12            ;  13 | //WDTCTL = WDTPW | WDTHOLD;     // stop watchdog timer                 
      13            ;  15 | int i;                                                                 
      14            ;----------------------------------------------------------------------
      15            
      16            ;*****************************************************************************
      17            ;* FUNCTION NAME: main                                                       *
      18            ;*                                                                           *
      19            ;*   Regs Modified     : SP,SR,r11,r12,r13,r14,r15                           *
      20            ;*   Regs Used         : SP,SR,r11,r12,r13,r14,r15                           *
      21            ;*   Local Frame Size  : 0 Args + 0 Auto + 0 Save = 0 byte                   *
      22            ;*****************************************************************************
      23 000000       main:
      24            ;* --------------------------------------------------------------------------*
      25            ;----------------------------------------------------------------------
      26            ;  18 | i = ler_serial(5);                                                     
      27            ;----------------------------------------------------------------------
      28 000000 403C          MOV.W     #5,r12                ; [] |18| 
         000002 0005 
      29 000004 13B0!         CALLA     #ler_serial           ; [] |18| 
         000006 0000 
      30                                                      ; [] |18| 
      31            ;----------------------------------------------------------------------
      32            ;  21 | return 0;                                                              
      33            ;----------------------------------------------------------------------
      34 000008 430C          MOV.W     #0,r12                ; [] |21| 
      35 00000a 0110          RETA      ; [] 
      36                    ; [] 
      37            ;*****************************************************************************
      38            ;* UNDEFINED EXTERNAL REFERENCES                                             *
      39            ;*****************************************************************************
      40                    .global ler_serial
      41            
      42            ;******************************************************************************
      43            ;* BUILD ATTRIBUTES                                                           *
      44            ;******************************************************************************
      45                    .battr "TI", Tag_File, 1, Tag_LPM_INFO(1)
      46                    .battr "TI", Tag_File, 1, Tag_PORTS_INIT_INFO("012345678901ABCDEFGHIJ0000000000000000000000000
      47                    .battr "TI", Tag_File, 1, Tag_LEA_INFO(1)
      48                    .battr "TI", Tag_File, 1, Tag_LOCKIO_INFO(1)
      49                    .battr "TI", Tag_File, 1, Tag_WAITSTATE_INFO(2)
      50                    .battr "TI", Tag_File, 1, Tag_HW_MPY32_INFO(1)
      51                    .battr "TI", Tag_File, 1, Tag_HW_MPY_ISR_INFO(1)
      52                    .battr "TI", Tag_File, 1, Tag_HW_MPY_INLINE_INFO(1)
      53                    .battr "mspabi", Tag_File, 1, Tag_enum_size(3)
MSP430 Assembler Unix v16.9.4 Sun Nov  5 10:03:59 2017

Tools Copyright (c) 2003-2017 Texas Instruments Incorporated
main.asm                                                             PAGE    2


No Assembly Errors, No Assembly Warnings
